// Jest Snapshot v1, https://goo.gl/fbAQLP

exports[`when TextField then snapshot created 1`] = `
<label>
  <input
    onBlur={[Function]}
    onChange={[Function]}
    type="text"
  />
</label>
`;
