// Jest Snapshot v1, https://goo.gl/fbAQLP

exports[`when Wrapper rendered then child component should be rendered 1`] = `
<div
  className="error"
>
  Something went wrong. Please try again later.
</div>
`;
