// Jest Snapshot v1, https://goo.gl/fbAQLP

exports[`when NotFound then snapshot created 1`] = `
<div>
  <h2>
    Page not found
  </h2>
  <a
    href="/"
    onClick={[Function]}
  >
    go back to home
  </a>
</div>
`;
