// Jest Snapshot v1, https://goo.gl/fbAQLP

exports[`DleteModal then snapshot created 1`] = `
<div>
  <div>
    <span
      onClick={[Function]}
    />
    <h2>
      delete movie
    </h2>
    <p>
      Are you sure you want to delete this movie?
    </p>
    <button
      onClick={[Function]}
    >
      confirm
    </button>
  </div>
  <div />
</div>
`;
