// Jest Snapshot v1, https://goo.gl/fbAQLP

exports[`when GenreFilter then snapshot created 1`] = `null`;
