// Jest Snapshot v1, https://goo.gl/fbAQLP

exports[`GenreTab snapshot sould be created 1`] = `
<button
  className=""
  onClick={[Function]}
/>
`;

exports[`when GenreTab then snapshot created 1`] = `
<button
  className=""
  onClick={[Function]}
/>
`;
